Command: /home/wyp/.espressif/python_env/idf5.5_py3.10_env/bin/python /home/wyp/esp/esp-idf/tools/idf_monitor.py -p /dev/ttyUSB0 -b 115200 --toolchain-prefix xtensa-esp32s3-elf- --target esp32s3 --revision 0 /home/wyp/esp/stem_framework_idf61_lcd/build/stem_framework_idf61_lcd.elf /home/wyp/esp/stem_framework_idf61_lcd/build/bootloader/bootloader.elf -m '/home/wyp/.espressif/python_env/idf5.5_py3.10_env/bin/python' '/home/wyp/esp/esp-idf/tools/idf.py' '-p' '/dev/ttyUSB0' '-b' '115200'
ESP-ROM:esp32s3-20210327
Build:Mar 27 2021
rst:0x1 (POWERON),boot:0x39 (SPI_FAST_FLASH_BOOT)
SPIWP:0xee
mode:DIO, clock div:1
load:0x3fce2820,len:0x158c
load:0x403c8700,len:0xd24
load:0x403cb700,len:0x2f34
entry 0x403c8924
[0;32mI (24) boot: ESP-IDF v5.5.2-dirty 2nd stage bootloader[0m
[0;32mI (25) boot: compile time Feb 14 2026 18:27:44[0m
[0;32mI (25) boot: Multicore bootloader[0m
[0;32mI (26) boot: chip revision: v0.2[0m
[0;32mI (28) boot: efuse block revision: v1.3[0m
[0;32mI (32) boot.esp32s3: Boot SPI Speed : 80MHz[0m
[0;32mI (36) boot.esp32s3: SPI Mode       : DIO[0m
[0;32mI (39) boot.esp32s3: SPI Flash Size : 16MB[0m
[0;32mI (43) boot: Enabling RNG early entropy source...[0m
[0;32mI (48) boot: Partition Table:[0m
[0;32mI (50) boot: ## Label            Usage          Type ST Offset   Length[0m
[0;32mI (57) boot:  0 nvs              WiFi data        01 02 00009000 00005000[0m
[0;32mI (63) boot:  1 phy_init         RF data          01 01 0000e000 00001000[0m
[0;32mI (70) boot:  2 factory          factory app      00 00 00010000 00200000[0m
[0;32mI (76) boot:  3 ota_0            OTA app          00 10 00210000 00200000[0m
[0;32mI (83) boot:  4 ota_1            OTA app          00 11 00410000 00200000[0m
[0;32mI (89) boot:  5 ota_data         OTA data         01 00 00610000 00002000[0m
[0;32mI (96) boot:  6 spiffs           Unknown data     01 82 00612000 001ee000[0m
[0;32mI (102) boot: End of partition table[0m
[0;32mI (106) boot: Defaulting to factory image[0m
[0;32mI (109) esp_image: segment 0: paddr=00010020 vaddr=3c130020 size=67be0h (424928) map[0m
[0;32mI (192) esp_image: segment 1: paddr=00077c08 vaddr=3fca2600 size=05258h ( 21080) load[0m
[0;32mI (196) esp_image: segment 2: paddr=0007ce68 vaddr=40374000 size=031b0h ( 12720) load[0m
[0;32mI (200) esp_image: segment 3: paddr=00080020 vaddr=42000020 size=126578h (1205624) map[0m
[0;32mI (416) esp_image: segment 4: paddr=001a65a0 vaddr=403771b0 size=1b3e4h (111588) load[0m
[0;32mI (440) esp_image: segment 5: paddr=001c198c vaddr=50000000 size=00020h (    32) load[0m
[0;32mI (452) boot: Loaded app from partition at offset 0x10000[0m
[0;32mI (452) boot: Disabling RNG early entropy source...[0m
[0;32mI (463) cpu_start: Multicore app[0m
[0;32mI (471) cpu_start: GPIO 44 and 43 are used as console UART I/O pins[0m
[0;32mI (472) cpu_start: Pro cpu start user code[0m
[0;32mI (472) cpu_start: cpu freq: 160000000 Hz[0m
[0;32mI (474) app_init: Application information:[0m
[0;32mI (477) app_init: Project name:     stem_framework_idf61_lcd[0m
[0;32mI (483) app_init: App version:      3156c78-dirty[0m
[0;32mI (487) app_init: Compile time:     Feb 14 2026 18:27:50[0m
[0;32mI (492) app_init: ELF file SHA256:  956e83d27...[0m
[0;32mI (497) app_init: ESP-IDF:          v5.5.2-dirty[0m
[0;32mI (501) efuse_init: Min chip rev:     v0.0[0m
[0;32mI (505) efuse_init: Max chip rev:     v0.99 [0m
[0;32mI (509) efuse_init: Chip rev:         v0.2[0m
[0;32mI (513) heap_init: Initializing. RAM available for dynamic allocation:[0m
[0;32mI (519) heap_init: At 3FCC79A8 len 00021D68 (135 KiB): RAM[0m
[0;32mI (524) heap_init: At 3FCE9710 len 00005724 (21 KiB): RAM[0m
[0;32mI (529) heap_init: At 3FCF0000 len 00008000 (32 KiB): DRAM[0m
[0;32mI (534) heap_init: At 600FE000 len 00001FE8 (7 KiB): RTCRAM[0m
[0;32mI (541) spi_flash: detected chip: boya[0m
[0;32mI (543) spi_flash: flash io: dio[0m
[0;32mI (547) sleep_gpio: Configure to isolate all GPIO pins in sleep state[0m
[0;32mI (553) sleep_gpio: Enable automatic switching of GPIO sleep configuration[0m
[0;32mI (559) coexist: coex firmware version: 7260f71[0m
[0;32mI (563) coexist: coexist rom version e7ae62f[0m
[0;32mI (568) main_task: Started on CPU0[0m
[0;32mI (598) main_task: Calling app_main()[0m
[0;32mI (628) BLE_INIT: BT controller compile version [5106725][0m
[0;32mI (628) BLE_INIT: Using main XTAL as clock source[0m
[0;32mI (628) BLE_INIT: Feature Config, ADV:1, BLE_50:1, DTM:1, SCAN:1, CCA:0, SMP:1, CONNECT:1[0m
[0;32mI (628) BLE_INIT: Bluetooth MAC: 30:ed:a0:12:d7:5e[0m
[0;32mI (638) phy_init: phy_version 711,97bcf0a2,Aug 25 2025,19:04:10[0m
[0;32mI (698) comm_ble: gatts reg, app_id=0[0m
[0;32mI (698) comm_ble: adv data set[0m
[0;32mI (708) comm_ble: service created, handle=40[0m
[0;32mI (708) comm_ble: char added, handle=42[0m
[0;32mI (708) comm_ble: descr added, handle=43[0m
[0;32mI (708) APP_MAIN: start[0m
[0;32mI (708) pp: pp rom version: e7ae62f[0m
[0;32mI (708) net80211: net80211 rom version: e7ae62f[0m
[0;32mI (728) wifi:wifi driver task: 3fcda460, prio:23, stack:6656, core=0[0m
[0;32mI (738) wifi:wifi firmware version: ee91c8c[0m
[0;32mI (738) wifi:wifi certification version: v7.0[0m
[0;32mI (738) wifi:config NVS flash: enabled[0m
[0;32mI (738) wifi:config nano formatting: disabled[0m
[0;32mI (738) wifi:Init data frame dynamic rx buffer num: 32[0m
[0;32mI (748) wifi:Init static rx mgmt buffer num: 5[0m
[0;32mI (748) wifi:Init management short buffer num: 32[0m
[0;32mI (758) wifi:Init dynamic tx buffer num: 32[0m
[0;32mI (758) wifi:Init static tx FG buffer num: 2[0m
[0;32mI (768) wifi:Init static rx buffer size: 1600[0m
[0;32mI (768) wifi:Init static rx buffer num: 10[0m
[0;32mI (768) wifi:Init dynamic rx buffer num: 32[0m
[0;32mI (778) wifi_init: rx ba win: 6[0m
[0;32mI (778) wifi_init: accept mbox: 6[0m
[0;32mI (778) wifi_init: tcpip mbox: 32[0m
[0;32mI (788) wifi_init: udp mbox: 6[0m
[0;32mI (788) wifi_init: tcp mbox: 6[0m
[0;32mI (788) wifi_init: tcp tx win: 5760[0m
[0;32mI (788) wifi_init: tcp rx win: 5760[0m
[0;32mI (798) wifi_init: tcp mss: 1440[0m
[0;32mI (798) wifi_init: WiFi IRAM OP enabled[0m
[0;32mI (798) wifi_init: WiFi RX IRAM OP enabled[0m
[0;32mI (808) wifi:mode : sta (30:ed:a0:12:d7:5c)[0m
[0;32mI (808) wifi:enable tsf[0m
[0;32mI (818) comm_wifi: WiFi STA start requested (scan later)[0m
[0;32mI (818) comm_wifi: WIFI_EVENT_STA_START[0m
[0;32mI (818) wifi:Set ps type: 0, coexist: 0[0m

[0;32mI (1348) ST7735: init done[0m
[0;32mI (1348) UI_LCD: Lamp color order = 0[0m
[1;31mE (1378) uart: UART driver already installed[0m
[0;33mW (1378) uart: GPIO 35 is not usable, maybe used by others[0m
[0;32mI (1378) UARTDBG: install=ESP_FAIL param=ESP_OK setpin=ESP_OK[0m
[1;31mE (1378) i2s_common: i2s_alloc_dma_desc(504): allocate DMA buffer failed[0m
[1;31mE (1388) i2s_std: i2s_std_set_slot(123): allocate memory for dma descriptor failed[0m
[1;31mE (1398) i2s_std: i2s_channel_init_std_mode(295): initialize channel failed while setting slot[0m
[0;33mW (1398) AUDIO_OUT: i2s_channel_init_std_mode failed: ESP_ERR_NO_MEM[0m
[0;33mW (1408) SFX: sound driver not ready, SFX disabled[0m
[0;33mW (3238) comm_wifi: WIFI_EVENT_STA_DISCONNECTED -> reconnect[0m
[0;32mI (37148) wifi:Set ps type: 0, coexist: 0[0m

[0;32mI (37148) wifi:mode : softAP (30:ed:a0:12:d7:5d)[0m
[0;32mI (37148) wifi:Total power save buffer number: 16[0m
[0;32mI (37148) wifi:Init max length of beacon: 752/752[0m
[0;32mI (37148) wifi:Init max length of beacon: 752/752[0m
[0;33mW (37158) wifi:alloc eb len=752 type=4 fail[0m

[0;33mW (37158) wifi:m f beacon l=218[0m

Guru Meditation Error: Core  0 panic'ed (LoadProhibited). Exception was unhandled.

Core  0 register dump:
PC      : 0x420bab09  PS      : 0x00060030  A0      : 0x820bb70d  A1      : 0x3fcda1b0  
A2      : 0x00000000  A3      : 0x3fcc1bd8  A4      : 0x3fcc1bc4  A5      : 0x600ff184  
A6      : 0x3fcc1f64  A7      : 0x00000001  A8      : 0x820baafc  A9      : 0x3fcda160  
A10     : 0x00000000  A11     : 0x3fcda1b0  A12     : 0x000000da  A13     : 0x00000000  
A14     : 0x3fcc3560  A15     : 0x00000000  SAR     : 0x00000004  EXCCAUSE: 0x0000001c  
EXCVADDR: 0x0000002c  LBEG    : 0x400556d5  LEND    : 0x400556e5  LCOUNT  : 0xffffffff  


Backtrace: 0x420bab06:0x3fcda1b0 0x420bb70a:0x3fcda210 0x420c44e9:0x3fcda250 0x420c5ba3:0x3fcda270 0x420c42f2:0x3fcda2a0 0x4038cc49:0x3fcda2c0 0x40383a05:0x3fcda2f0




ELF file SHA256: 956e83d27

Rebooting...
���ESP-ROM:esp32s3-20210327
Build:Mar 27 2021
rst:0xc (RTC_SW_CPU_RST),boot:0x39 (SPI_FAST_FLASH_BOOT)
Saved PC:0x40382dfc
SPIWP:0xee
mode:DIO, clock div:1
load:0x3fce2820,len:0x158c
load:0x403c8700,len:0xd24
load:0x403cb700,len:0x2f34
entry 0x403c8924
[0;32mI (29) boot: ESP-IDF v5.5.2-dirty 2nd stage bootloader[0m
[0;32mI (29) boot: compile time Feb 14 2026 18:27:44[0m
[0;32mI (29) boot: Multicore bootloader[0m
[0;32mI (30) boot: chip revision: v0.2[0m
[0;32mI (33) boot: efuse block revision: v1.3[0m
[0;32mI (36) boot.esp32s3: Boot SPI Speed : 80MHz[0m
[0;32mI (40) boot.esp32s3: SPI Mode       : DIO[0m
[0;32mI (44) boot.esp32s3: SPI Flash Size : 16MB[0m
[0;32mI (48) boot: Enabling RNG early entropy source...[0m
[0;32mI (52) boot: Partition Table:[0m
[0;32mI (55) boot: ## Label            Usage          Type ST Offset   Length[0m
[0;32mI (61) boot:  0 nvs              WiFi data        01 02 00009000 00005000[0m
[0;32mI (68) boot:  1 phy_init         RF data          01 01 0000e000 00001000[0m
[0;32mI (74) boot:  2 factory          factory app      00 00 00010000 00200000[0m
[0;32mI (81) boot:  3 ota_0            OTA app          00 10 00210000 00200000[0m
[0;32mI (87) boot:  4 ota_1            OTA app          00 11 00410000 00200000[0m
[0;32mI (94) boot:  5 ota_data         OTA data         01 00 00610000 00002000[0m
[0;32mI (100) boot:  6 spiffs           Unknown data     01 82 00612000 001ee000[0m
[0;32mI (107) boot: End of partition table[0m
[0;32mI (110) boot: Defaulting to factory image[0m
[0;32mI (114) esp_image: segment 0: paddr=00010020 vaddr=3c130020 size=67be0h (424928) map[0m
[0;32mI (196) esp_image: segment 1: paddr=00077c08 vaddr=3fca2600 size=05258h ( 21080) load[0m
[0;32mI (201) esp_image: segment 2: paddr=0007ce68 vaddr=40374000 size=031b0h ( 12720) load[0m
[0;32mI (204) esp_image: segment 3: paddr=00080020 vaddr=42000020 size=126578h (1205624) map[0m
[0;32mI (420) esp_image: segment 4: paddr=001a65a0 vaddr=403771b0 size=1b3e4h (111588) load[0m
[0;32mI (445) esp_image: segment 5: paddr=001c198c vaddr=50000000 size=00020h (    32) load[0m
[0;32mI (457) boot: Loaded app from partition at offset 0x10000[0m
[0;32mI (457) boot: Disabling RNG early entropy source...[0m
[0;32mI (467) cpu_start: Multicore app[0m
[0;32mI (476) cpu_start: GPIO 44 and 43 are used as console UART I/O pins[0m
[0;32mI (476) cpu_start: Pro cpu start user code[0m
[0;32mI (477) cpu_start: cpu freq: 160000000 Hz[0m
[0;32mI (478) app_init: Application information:[0m
[0;32mI (482) app_init: Project name:     stem_framework_idf61_lcd[0m
[0;32mI (487) app_init: App version:      3156c78-dirty[0m
[0;32mI (492) app_init: Compile time:     Feb 14 2026 18:27:50[0m
[0;32mI (497) app_init: ELF file SHA256:  956e83d27...[0m
[0;32mI (501) app_init: ESP-IDF:          v5.5.2-dirty[0m
[0;32mI (505) efuse_init: Min chip rev:     v0.0[0m
[0;32mI (509) efuse_init: Max chip rev:     v0.99 [0m
[0;32mI (513) efuse_init: Chip rev:         v0.2[0m
[0;32mI (517) heap_init: Initializing. RAM available for dynamic allocation:[0m
[0;32mI (523) heap_init: At 3FCC79A8 len 00021D68 (135 KiB): RAM[0m
[0;32mI (528) heap_init: At 3FCE9710 len 00005724 (21 KiB): RAM[0m
[0;32mI (534) heap_init: At 3FCF0000 len 00008000 (32 KiB): DRAM[0m
[0;32mI (539) heap_init: At 600FE000 len 00001FE8 (7 KiB): RTCRAM[0m
[0;32mI (545) spi_flash: detected chip: boya[0m
[0;32mI (548) spi_flash: flash io: dio[0m
[0;32mI (551) sleep_gpio: Configure to isolate all GPIO pins in sleep state[0m
[0;32mI (557) sleep_gpio: Enable automatic switching of GPIO sleep configuration[0m
[0;32mI (564) coexist: coex firmware version: 7260f71[0m
[0;32mI (568) coexist: coexist rom version e7ae62f[0m
[0;32mI (572) main_task: Started on CPU0[0m
[0;32mI (602) main_task: Calling app_main()[0m
[0;32mI (632) BLE_INIT: BT controller compile version [5106725][0m
[0;32mI (632) BLE_INIT: Using main XTAL as clock source[0m
[0;32mI (632) BLE_INIT: Feature Config, ADV:1, BLE_50:1, DTM:1, SCAN:1, CCA:0, SMP:1, CONNECT:1[0m
[0;32mI (632) BLE_INIT: Bluetooth MAC: 30:ed:a0:12:d7:5e[0m
[0;32mI (642) phy_init: phy_version 711,97bcf0a2,Aug 25 2025,19:04:10[0m
[0;32mI (702) comm_ble: gatts reg, app_id=0[0m
[0;32mI (702) comm_ble: adv data set[0m
[0;32mI (702) comm_ble: service created, handle=40[0m
[0;32mI (702) comm_ble: char added, handle=42[0m
[0;32mI (702) comm_ble: descr added, handle=43[0m
[0;32mI (712) APP_MAIN: start[0m
[0;32mI (712) pp: pp rom version: e7ae62f[0m
[0;32mI (712) net80211: net80211 rom version: e7ae62f[0m
[0;32mI (732) wifi:wifi driver task: 3fcda460, prio:23, stack:6656, core=0[0m
[0;32mI (742) wifi:wifi firmware version: ee91c8c[0m
[0;32mI (742) wifi:wifi certification version: v7.0[0m
[0;32mI (742) wifi:config NVS flash: enabled[0m
[0;32mI (742) wifi:config nano formatting: disabled[0m
[0;32mI (742) wifi:Init data frame dynamic rx buffer num: 32[0m
[0;32mI (752) wifi:Init static rx mgmt buffer num: 5[0m
[0;32mI (752) wifi:Init management short buffer num: 32[0m
[0;32mI (762) wifi:Init dynamic tx buffer num: 32[0m
[0;32mI (762) wifi:Init static tx FG buffer num: 2[0m
[0;32mI (772) wifi:Init static rx buffer size: 1600[0m
[0;32mI (772) wifi:Init static rx buffer num: 10[0m
[0;32mI (772) wifi:Init dynamic rx buffer num: 32[0m
[0;32mI (782) wifi_init: rx ba win: 6[0m
[0;32mI (782) wifi_init: accept mbox: 6[0m
[0;32mI (782) wifi_init: tcpip mbox: 32[0m
[0;32mI (792) wifi_init: udp mbox: 6[0m
[0;32mI (792) wifi_init: tcp mbox: 6[0m
[0;32mI (792) wifi_init: tcp tx win: 5760[0m
[0;32mI (792) wifi_init: tcp rx win: 5760[0m
[0;32mI (802) wifi_init: tcp mss: 1440[0m
[0;32mI (802) wifi_init: WiFi IRAM OP enabled[0m
[0;32mI (802) wifi_init: WiFi RX IRAM OP enabled[0m
[0;32mI (812) wifi:mode : sta (30:ed:a0:12:d7:5c)[0m
[0;32mI (812) wifi:enable tsf[0m
[0;32mI (822) comm_wifi: WiFi STA start requested (scan later)[0m
[0;32mI (822) comm_wifi: WIFI_EVENT_STA_START[0m
[0;32mI (822) wifi:Set ps type: 0, coexist: 0[0m

[0;32mI (1352) ST7735: init done[0m
[0;32mI (1352) UI_LCD: Lamp color order = 0[0m
[1;31mE (1382) uart: UART driver already installed[0m
[0;33mW (1382) uart: GPIO 35 is not usable, maybe used by others[0m
[0;32mI (1382) UARTDBG: install=ESP_FAIL param=ESP_OK setpin=ESP_OK[0m
[1;31mE (1382) i2s_common: i2s_alloc_dma_desc(504): allocate DMA buffer failed[0m
[1;31mE (1392) i2s_std: i2s_std_set_slot(123): allocate memory for dma descriptor failed[0m
[1;31mE (1402) i2s_std: i2s_channel_init_std_mode(295): initialize channel failed while setting slot[0m
[0;33mW (1402) AUDIO_OUT: i2s_channel_init_std_mode failed: ESP_ERR_NO_MEM[0m
[0;33mW (1412) SFX: sound driver not ready, SFX disabled[0m
[0;33mW (3242) comm_wifi: WIFI_EVENT_STA_DISCONNECTED -> reconnect[0m
