Command: /home/wyp/.espressif/python_env/idf5.5_py3.10_env/bin/python /home/wyp/esp/esp-idf/tools/idf_monitor.py -p /dev/ttyUSB0 -b 115200 --toolchain-prefix xtensa-esp32s3-elf- --target esp32s3 --revision 0 /home/wyp/esp/stem_framework_idf61_lcd/build/stem_framework_idf61_lcd.elf /home/wyp/esp/stem_framework_idf61_lcd/build/bootloader/bootloader.elf -m '/home/wyp/.espressif/python_env/idf5.5_py3.10_env/bin/python' '/home/wyp/esp/esp-idf/tools/idf.py' '-p' '/dev/ttyUSB0'
ESP-ROM:esp32s3-20210327
Build:Mar 27 2021
rst:0x1 (POWERON),boot:0x28 (SPI_FAST_FLASH_BOOT)
SPIWP:0xee
mode:DIO, clock div:1
load:0x3fce2820,len:0x158c
load:0x403c8700,len:0xd24
load:0x403cb700,len:0x2f34
entry 0x403c8924
[0;32mI (24) boot: ESP-IDF v5.5.2-dirty 2nd stage bootloader[0m
[0;32mI (25) boot: compile time Feb 14 2026 18:27:44[0m
[0;32mI (25) boot: Multicore bootloader[0m
[0;32mI (26) boot: chip revision: v0.2[0m
[0;32mI (28) boot: efuse block revision: v1.3[0m
[0;32mI (32) boot.esp32s3: Boot SPI Speed : 80MHz[0m
[0;32mI (36) boot.esp32s3: SPI Mode       : DIO[0m
[0;32mI (39) boot.esp32s3: SPI Flash Size : 16MB[0m
[0;32mI (43) boot: Enabling RNG early entropy source...[0m
[0;32mI (48) boot: Partition Table:[0m
[0;32mI (50) boot: ## Label            Usage          Type ST Offset   Length[0m
[0;32mI (57) boot:  0 nvs              WiFi data        01 02 00009000 00005000[0m
[0;32mI (63) boot:  1 phy_init         RF data          01 01 0000e000 00001000[0m
[0;32mI (70) boot:  2 factory          factory app      00 00 00010000 00200000[0m
[0;32mI (76) boot:  3 ota_0            OTA app          00 10 00210000 00200000[0m
[0;32mI (83) boot:  4 ota_1            OTA app          00 11 00410000 00200000[0m
[0;32mI (89) boot:  5 ota_data         OTA data         01 00 00610000 00002000[0m
[0;32mI (96) boot:  6 spiffs           Unknown data     01 82 00612000 001ee000[0m
[0;32mI (102) boot: End of partition table[0m
[0;32mI (106) esp_image: segment 0: paddr=00210020 vaddr=3c130020 size=685a8h (427432) map[0m
[0;32mI (189) esp_image: segment 1: paddr=002785d0 vaddr=3fca2600 size=05268h ( 21096) load[0m
[0;32mI (193) esp_image: segment 2: paddr=0027d840 vaddr=40374000 size=027d8h ( 10200) load[0m
[0;32mI (196) esp_image: segment 3: paddr=00280020 vaddr=42000020 size=128fech (1216492) map[0m
[0;32mI (414) esp_image: segment 4: paddr=003a9014 vaddr=403767d8 size=1bdf4h (114164) load[0m
[0;32mI (439) esp_image: segment 5: paddr=003c4e10 vaddr=50000000 size=00020h (    32) load[0m
[0;32mI (451) boot: Loaded app from partition at offset 0x210000[0m
[0;32mI (451) boot: Disabling RNG early entropy source...[0m
[0;32mI (462) cpu_start: Multicore app[0m
[0;32mI (470) cpu_start: GPIO 44 and 43 are used as console UART I/O pins[0m
[0;32mI (471) cpu_start: Pro cpu start user code[0m
[0;32mI (471) cpu_start: cpu freq: 160000000 Hz[0m
[0;32mI (473) app_init: Application information:[0m
[0;32mI (476) app_init: Project name:     stem_framework_idf61_lcd[0m
[0;32mI (482) app_init: App version:      v1.2.3-1-g46f02e8-dirty[0m
[0;32mI (487) app_init: Compile time:     Feb 21 2026 19:16:28[0m
[0;32mI (492) app_init: ELF file SHA256:  0bbcd21f6...[0m
[0;32mI (496) app_init: ESP-IDF:          v5.5.2-dirty[0m
[0;32mI (501) efuse_init: Min chip rev:     v0.0[0m
[0;32mI (505) efuse_init: Max chip rev:     v0.99 [0m
[0;32mI (509) efuse_init: Chip rev:         v0.2[0m
[0;32mI (512) heap_init: Initializing. RAM available for dynamic allocation:[0m
[0;32mI (519) heap_init: At 3FCB5A20 len 00033CF0 (207 KiB): RAM[0m
[0;32mI (524) heap_init: At 3FCE9710 len 00005724 (21 KiB): RAM[0m
[0;32mI (529) heap_init: At 3FCF0000 len 00008000 (32 KiB): DRAM[0m
[0;32mI (534) heap_init: At 600FE000 len 00001FE8 (7 KiB): RTCRAM[0m
[0;32mI (541) spi_flash: detected chip: boya[0m
[0;32mI (543) spi_flash: flash io: dio[0m
[0;32mI (547) sleep_gpio: Configure to isolate all GPIO pins in sleep state[0m
[0;32mI (552) sleep_gpio: Enable automatic switching of GPIO sleep configuration[0m
[0;32mI (559) coexist: coex firmware version: 7260f71[0m
[0;32mI (563) coexist: coexist rom version e7ae62f[0m
[0;32mI (568) main_task: Started on CPU0[0m
[0;32mI (598) main_task: Calling app_main()[0m
[0;32mI (628) BLE_INIT: BT controller compile version [5106725][0m
[0;32mI (628) BLE_INIT: Using main XTAL as clock source[0m
[0;32mI (628) BLE_INIT: Feature Config, ADV:1, BLE_50:1, DTM:1, SCAN:1, CCA:0, SMP:1, CONNECT:1[0m
[0;32mI (638) BLE_INIT: Bluetooth MAC: 30:ed:a0:12:d7:5e[0m
[0;32mI (638) phy_init: phy_version 711,97bcf0a2,Aug 25 2025,19:04:10[0m
[0;32mI (698) comm_ble: gatts reg, app_id=0[0m
[0;32mI (708) comm_ble: adv data set[0m
[0;32mI (708) comm_ble: service created, handle=40[0m
[0;32mI (708) commm_ble: descr added, handle=43[0m
[0;32mI (708) APP_MAIN: start[0m
[0;32mI (708)version: e7ae62f[0m
[0;32mI (728) wifi:wifi driver task: 3fcc8540, prio:23, stack:6656, core=0[0m
[0;32mI (738) wifi:wifi firmware version: ee91c8c[0m
[0;32mI (738) wifi:wifi certification version: v7.0[0m
[0;32mI (738) wifi:config NVS flash: enabled[0m
[0;32mI (738) wifi:config nano formatting: disabled[0m
[0;32mI (738) wifi:Init data frame dynamic rx buffer num: 32[0m
[0;32mI (748) wifi:Init static rx mgmt buffer num: 5[0m
[0;32mI (748) wifi:Init management short buffer num: 32[0m
[0;32mI (758) wifi:Init dynamic tx buffer num: 32[0m
[0;32mI (758) wifi:Init static tx FG buffer num: 2[0m
[0;32mI (768) wifi:Init static rx buffer size: 1600[0m
[0;32mI (768) wifi:Init static rx buffer num: 10[0m
[0;32mI (768) wifi:Init dynamic rx buffer num: 32[0m
[0;32mI (778) wifi_init: rx ba win: 6[0m
[0;32mI (778) wifi_init: accept mbox: 6[0m
[0;32mI (778) wifi_init: tcpip mbox: 32[0m
[0;32mI (788) wifi_init: udp mbox: 6[0m
[0;32mI (788) wifi_init: tcp mbox: 6[0m
[0;32mI (788) wifi_init: tcp tx win: 5760[0m
[0;32mI (798) wifi_init: tcp rx win: 5760[0m
[0;32mI (798) wifi_init: tcp mss: 1440[0m
[0;32mI (798) wifi_init: WiFi IRAM OP enabled[0m
[0;32mI (798) wifi_init: WiFi RX IRAM OP enabled[0m
[0;32mI (808) wifi:mode : sta (30:ed:a0:12:d7:5c)[0m
[0;32mI (808) wifi:enable tsf[0m
[0;32mI (818) comm_wifi: WiFi STA start requested (scan later)[0m
[0;32mI (818) comm_wifi: WIFI_EVENT_STA_START[0m
[0;32mI (818) wifi:Set ps type: 0, coexist: 0[0m

[0;32mI (878) wifi:new:<13,0>, old:<1,0>, ap:<255,255>, sta:<13,0>, prof:1, snd_ch_cfg:0x0[0m
[0;32mI (878) wifi:state: init -> auth (0xb0)[0m
[0;32mI (888) wifi:state: auth -> assoc (0x0)[0m
[0;32mI (898) wifi:state: assoc -> run (0x10)[0m
[0;32mI (998) wifi:connected with DIGI_mzQH, aid = 1, channel 13, BW20, bssid = 68:f9:56:57:c3:a7[0m
[0;32mI (998) wifi:security: WPA2-PSK, phy: bgn, rssi: -54[0m
[0;32mI (998) wifi:pm start, type: 0[0m

[0;32mI (998) wifi:dp: 1, bi: 102400, li: 3, scale listen interval from 307200 us to 307200 us[0m
[0;32mI (1008) wifi:set rx beacon pti, rx_bcn_pti: 14, bcn_timeout: 25000, mt_pti: 14, mt_time: 10000[0m
[0;32mI (1288) ST7789: init done ctrl=ILI9341 spi=40000000 Hz, dma_q=3, dma_chunk=8192[0m
[0;32mI (1288) UI_LCD: Lamp color order = 0[0m
[0;32mI (1288) wifi:AP's beacon interval = 102400 us, DTIM period = 1[0m
[1;31mE (1318) uart: UART driver already installed[0m
[0;33mW (1318) uart: GPIO 35 is not usable, maybe used by others[0m
[0;32mI (1318) UARTDBG: install=ESP_FAIL param=ESP_OK setpin=ESP_OK[0m
[0;32mI (2198) esp_netif_handlers: sta ip: 192.168.1.152, mask: 255.255.255.0, gw: 192.168.1.1[0m
[0;32mI (2198) comm_wifi: IP_EVENT_STA_GOT_IP: 192.168.1.152[0m
[0;32mI (7028) APP_MEM: before_start exp=SYSTEM free8=97872 min8=96088 free_int=97872[0m
[0;32mI (7038) wifi:Set ps type: 0, coexist: 0[0m

[0;32mI (7128) APP_MEM: after_start exp=SYSTEM free8=97872 min8=96088 free_int=97872[0m
[0;32mI (14618) APP_MEM: before_stop exp=SYSTEM free8=97872 min8=96076 free_int=97872[0m
[0;32mI (14618) APP_MEM: after_stop exp=SYSTEM free8=97872 min8=96076 free_int=97872[0m
[0;32mI (15438) wifi:<ba-add>idx:0 (ifx:0, 68:f9:56:57:c3:a7), tid:0, ssn:4, winSize:64[0m
[0;32mI (38778) APP_MEM: before_start exp=SYSTEM free8=97672 min8=95636 free_int=97672[0m
[0;32mI (38788) wifi:Set ps type: 0, coexist: 0[0m

[0;32mI (38878) APP_MEM: after_start exp=SYSTEM free8=97672 min8=95636 free_int=97672[0m
[0;32mI (41118) EXP_SYSTEM: OTA URL: https://raw.githubusercontent.com/git-beginner-123/mystem/master/ota/latest.bin[0m
[0;32mI (48268) esp-x509-crt-bundle: Certificate validated[0m
[0;32mI (60448) esp_image: segment 0: paddr=00410020 vaddr=3c130020 size=685a8h (427432) map[0m
[0;32mI (60498) esp_image: segment 1: paddr=004785d0 vaddr=3fca2600 size=05268h ( 21096) [0m
[0;32mI (60508) esp_image: segment 2: paddr=0047d840 vaddr=40374000 size=027d8h ( 10200) [0m
[0;32mI (60508) esp_image: segment 3: paddr=00480020 vaddr=42000020 size=128fech (1216492) map[0m
[0;32mI (60668) esp_image: segment 4: paddr=005a9014 vaddr=403767d8 size=1bdf4h (114164) [0m
[0;32mI (60678) esp_image: segment 5: paddr=005c4e10 vaddr=50000000 size=00020h (    32) [0m
[0;32mI (60688) esp_image: segment 0: paddr=00410020 vaddr=3c130020 size=685a8h (427432) map[0m
[0;32mI (60738) esp_image: segment 1: paddr=004785d0 vaddr=3fca2600 size=05268h ( 21096) [0m
[0;32mI (60748) esp_image: segment 2: paddr=0047d840 vaddr=40374000 size=027d8h ( 10200) [0m
[0;32mI (60748) esp_image: segment 3: paddr=00480020 vaddr=42000020 size=128fech (1216492) map[0m
[0;32mI (60908) esp_image: segment 4: paddr=005a9014 vaddr=403767d8 size=1bdf4h (114164) [0m
[0;32mI (60928) esp_image: segment 5: paddr=005c4e10 vaddr=50000000 size=00020h (    32) [0m
[0;32mI (62138) wifi:state: run -> init (0x0)[0m
[0;32mI (62148) wifi:pm stop, total sleep time: 0 us / 61141367 us[0m

[0;32mI (62148) wifi:<ba-del>idx:0, tid:0[0m
[0;32mI (62148) wifi:new:<13,0>, old:<13,0>, ap:<255,255>, sta:<13,0>, prof:1, snd_ch_cfg:0x0[0m
[0;33mW (62148) comm_wifi: WIFI_EVENT_STA_DISCONNECTED reason=8 -> reconnect[0m
[0;33mW (62158) comm_wifi: reconnect failed: ESP_ERR_WIFI_NOT_STARTED[0m
[0;32mI (62208) wifi:flush txq[0m
[0;32mI (62208) wifi:stop sw txq[0m
[0;32mI (62208) wifi:lmac stop hw txq[0m
���ESP-ROM:esp32s3-20210327
Build:Mar 27 2021
rst:0xc (RTC_SW_CPU_RST),boot:0x28 (SPI_FAST_FLASH_BOOT)
Saved PC:0x40382dfc
SPIWP:0xee
mode:DIO, clock div:1
load:0x3fce2820,len:0x158c
load:0x403c8700,len:0xd24
load:0x403cb700,len:0x2f34
entry 0x403c8924
[0;32mI (29) boot: ESP-IDF v5.5.2-dirty 2nd stage bootloader[0m
[0;32mI (29) boot: compile time Feb 14 2026 18:27:44[0m
[0;32mI (29) boot: Multicore bootloader[0m
[0;32mI (30) boot: chip revision: v0.2[0m
[0;32mI (33) boot: efuse block revision: v1.3[0m
[0;32mI (36) boot.esp32s3: Boot SPI Speed : 80MHz[0m
[0;32mI (40) boot.esp32s3: SPI Mode       : DIO[0m
[0;32mI (44) boot.esp32s3: SPI Flash Size : 16MB[0m
[0;32mI (48) boot: Enabling RNG early entropy source...[0m
[0;32mI (52) boot: Partition Table:[0m
[0;32mI (55) boot: ## Label            Usage          Type ST Offset   Length[0m
[0;32mI (61) boot:  0 nvs              WiFi data        01 02 00009000 00005000[0m
[0;32mI (68) boot:  1 phy_init         RF data          01 01 0000e000 00001000[0m
[0;32mI (74) boot:  2 factory          factory app      00 00 00010000 00200000[0m
[0;32mI (81) boot:  3 ota_0            OTA app          00 10 00210000 00200000[0m
[0;32mI (87) boot:  4 ota_1            OTA app          00 11 00410000 00200000[0m
[0;32mI (94) boot:  5 ota_data         OTA data         01 00 00610000 00002000[0m
[0;32mI (100) boot:  6 spiffs           Unknown data     01 82 00612000 001ee000[0m
[0;32mI (107) boot: End of partition table[0m
[0;32mI (110) esp_image: segment 0: paddr=00410020 vaddr=3c130020 size=685a8h (427432) map[0m
[0;32mI (193) esp_image: segment 1: paddr=004785d0 vaddr=3fca2600 size=05268h ( 21096) load[0m
[0;32mI (198) esp_image: segment 2: paddr=0047d840 vaddr=40374000 size=027d8h ( 10200) load[0m
[0;32mI (200) esp_image: segment 3: paddr=00480020 vaddr=42000020 size=128fech (1216492) map[0m
[0;32mI (419) esp_image: segment 4: paddr=005a9014 vaddr=403767d8 size=1bdf4h (114164) load[0m
[0;32mI (444) esp_image: segment 5: paddr=005c4e10 vaddr=50000000 size=00020h (    32) load[0m
[0;32mI (456) boot: Loaded app from partition at offset 0x410000[0m
[0;32mI (456) boot: Disabling RNG early entropy source...[0m
[0;32mI (466) cpu_start: Multicore app[0m
[0;32mI (475) cpu_start: GPIO 44 and 43 are used as console UART I/O pins[0m
[0;32mI (475) cpu_start: Pro cpu start user code[0m
[0;32mI (476) cpu_start: cpu freq: 160000000 Hz[0m
[0;32mI (477) app_init: Application information:[0m
[0;32mI (481) app_init: Project name:     stem_framework_idf61_lcd[0m
[0;32mI (486) app_init: App version:      v1.2.3-1-g46f02e8-dirty[0m
[0;32mI (492) app_init: Compile time:     Feb 21 2026 19:16:28[0m
[0;32mI (497) app_init: ELF file SHA256:  0bbcd21f6...[0m
[0;32mI (501) app_init: ESP-IDF:          v5.5.2-dirty[0m
[0;32mI (505) efuse_init: Min chip rev:     v0.0[0m
[0;32mI (509) efuse_init: Max chip rev:     v0.99 [0m
[0;32mI (513) efuse_init: Chip rev:         v0.2[0m
[0;32mI (517) heap_init: Initializing. RAM available for dynami At 3FCE9710 len 00005724 (21 KiB): RAM[0m
[0;32mI (533) heap_init: At 3o: dio[0m
[0;32mI (551) sleep_gpio: Configure to isolate all GPIO pins in sleep state[0m
[0;32mI (557) sleep_gpio: Enable automatic switching of GPIO sleep configuration[0m
[0;32mI (563) coexist: coex firmware version: 7260f71[0m
[0;32mI (568) coexist: coexist rom version e7ae62f[0m
[0;32mI (572) main_task: Started on CPU0[0m
[0;32mI (602) main_task: Calling app_main()[0m
[0;32mI (632) BLE_INIT: BT controller compile version [5106725][0m
[0;32mI (632) BLE_INIT: Using main XTAL as clock source[0m
[0;32mI (632) BLE_INIT: Feature Config, ADV:1, BLE_50:1, DTM:1, SCAN:1, CCA:0, SMP:1, CONNECT:1[0m
[0;32mI (642) BLE_INIT: Bluetooth MAC: 30:ed:a0:12:d7:5e[0m
[0;32mI (642) phy_init: phy_version 711,97bcf0a2,Aug 25 2025,19:04:10[0m
[0;32mI (702) comm_ble: gatts reg, app_id=0[0m
[0;32mI (712) comm_ble: adv data set[0m
[0;32mI (712) comm_ble: service created, handle=40[0m
[0;32mI (712) comm_ble: char added, handle=42[0m
[0;32mI (712) comm_ble: descr added, handle=43[0m
[0;32mI (712) APP_MAIN: start[0m
[0;32mI (712) pp: pp rom version: e7ae62f[0m
[0;32mI (722) net80211: net80211 rom version: e7ae62f[0m
[0;32mI (732) wifi:wifi driver task: 3fcc8540, prio:23, stack:6656, core=0[0m
[0;32mI (742) wifi:wifi firmware version: ee91c8c[0m
[0;32mI (742) wifi:wifi certification version: v7.0[0m
[0;32mI (742) wifi:config NVS flash: enabled[0m
[0;32mI (742) wifi:config nano formatting: disabled[0m
[0;32mI (742) wifi:Init data frame dynamic rx buffer num: 32[0m
[0;32mI (752) wifi:Init static rx mgmt buffer num: 5[0m
[0;32mI (752) wifi:Init management short buffer num: 32[0m
[0;32mI (762) wifi:Init dynamic tx buffer num: 32[0m
[0;32mI (762) wifi:Init static tx FG buffer num: 2[0m
[0;32mI (772) wifi:Init static rx buffer size: 1600[0m
[0;32mI (772) wifi:Init static rx buffer num: 10[0m
[0;32mI (772) wifi:Init dynamic rx buffer num: 32[0m
[0;32mI (782) wifi_init: rx ba win: 6[0m
[0;32mI (782) wifi_init: accept mbox: 6[0m
[0;32mI (782) wifi_init: tcpip mbox: 32[0m
[0;32mI (792) wifi_init: udp mbox: 6[0m
[0;32mI (792) wifi_init: tcp mbox: 6[0m
[0;32mI (792) wifi_init: tcp tx win: 5760[0m
[0;32mI (802) wifi_init: tcp rx win: 5760[0m
[0;32mI (802) wifi_init: tcp mss: 1440[0m
[0;32mI (802) wifi_init: WiFi IRAM OP enabled[0m
[0;32mI (802) wifi_init: WiFi RX IRAM OP enabled[0m
[0;32mI (812) wifi:mode : sta (30:ed:a0:12:d7:5c)[0m
[0;32mI (812) wifi:enable tsf[0m
[0;32mI (822) comm_wifi: WiFi STA start requested (scan later)[0m
[0;32mI (822) comm_wifi: WIFI_EVENT_STA_START[0m
[0;32mI (822) wifi:Set ps type: 0, coexist: 0[0m

[0;32mI (932) wifi:new:<13,0>, old:<1,0>, ap:<255,255>, sta:<13,0>, prof:1, snd_ch_cfg:0x0[0m
[0;32mI (932) wifi:state: init -> auth (0xb0)[0m
[0;32mI (942) wifi:state: auth -> assoc (0x0)[0m
[0;32mI (942) wifi:state: assoc -> run (0x10)[0m
[0;32mI (1052) wifi:connected with DIGI_mzQH, aid = 1, channel 13, BW20, bssid = 68:f9:56:57:c3:a7[0m
[0;32mI (1052) wifi:security: WPA2-PSK, phy: bgn, rssi: -45[0m
[0;32mI (1052) wifi:pm start, type: 0[0m

[0;32mI (1052) wifi:dp: 1, bi: 102400, li: 3, scale listen interval from 307200 us to 307200 us[0m
[0;32mI (1062) wifi:set rx beacon pti, rx_bcn_pti: 14, bcn_timeout: 25000, mt_pti: 14, mt_time: 10000[0m
[0;32mI (1132) wifi:AP's beacon interval = 102400 us, DTIM period = 1[0m
[0;32mI (1292) ST7789: init done ctrl=ILI9341 spi=40000000 Hz, dma_q=3, dma_chunk=8192[0m
[0;32mI (1292) UI_LCD: Lamp color order = 0[0m
[1;31mE (1322) uart: UART driver already installed[0m
[0;33mW (1322) uart: GPIO 35 is not usable, maybe used by others[0m
[0;32mI (1322) UARTDBG: install=ESP_FAIL param=ESP_OK setpin=ESP_OK[0m
[0;32mI (2242) esp_netif_handlers: sta ip: 192.168.1.152, mask: 255.255.255.0, gw: 192.168.1.1[0m
[0;32mI (2242) comm_wifi: IP_EVENT_STA_GOT_IP: 192.168.1.152[0m
[0;32mI (3652) wifi:<ba-add>idx:0 (ifx:0, 68:f9:56:57:c3:a7), tid:0, ssn:4, winSize:64[0m
[0;32mI (15322) APP_MEM: before_start exp=SYSTEM free8=97672 min8=95636 free_int=97672[0m
[0;32mI (15332) wifi:Set ps type: 0, coexist: 0[0m

[0;32mI (15422) APP_MEM: after_start exp=SYSTEM free8=97672 min8=95636 free_int=97672[0m
[0;32mI (42372) EXP_SYSTEM: OTA URL: https://raw.githubusercontent.com/git-beginner-123/mystem/master/ota/latest.bin[0m
[0;32mI (49522) esp-x509-crt-bundle: Certificate validated[0m
[0;32mI (65712) esp_image: segment 0: paddr=00210020 vaddr=3c130020 size=685a8h (427432) map[0m
[0;32mI (65772) esp_image: segment 1: paddr=002785d0 vaddr=3fca2600 size=05268h ( 21096) [0m
[0;32mI (65772) esp_image: segment 2: paddr=0027d840 vaddr=40374000 size=027d8h ( 10200) [0m
[0;32mI (65782) esp_image: segment 3: paddr=00280020 vaddr=42000020 size=128fech (1216492) map[0m
[0;32mI (65932) esp_image: segment 4: paddr=003a9014 vaddr=403767d8 size=1bdf4h (114164) [0m
[0;32mI (65952) esp_image: segment 5: paddr=003c4e10 vaddr=50000000 size=00020h (    32) [0m
[0;32mI (65952) esp_image: segment 0: paddr=00210020 vaddr=3c130020 size=685a8h (427432) map[0m
[0;32mI (66012) esp_image: segment 1: paddr=002785d0 vaddr=3fca2600 size=05268h ( 21096) [0m
[0;32mI (66012) esp_image: segment 2: paddr=0027d840 vaddr=40374000 size=027d8h ( 10200) [0m
[0;32mI (66012) esp_image: segment 3: paddr=00280020 vaddr=42000020 size=128fech (1216492) map[0m
[0;32mI (66172) esp_image: segment 4: paddr=003a9014 vaddr=403767d8 size=1bdf4h (114164) [0m
[0;32mI (66192) esp_image: segment 5: paddr=003c4e10 vaddr=50000000 size=00020h (    32) [0m
[0;32mI (67442) wifi:state: run -> init (0x0)[0m
[0;32mI (67452) wifi:pm stop, total sleep time: 0 us / 66395917 us[0m

[0;32mI (67452) wifi:<ba-del>idx:0, tid:0[0m
[0;32mI (67452) wifi:new:<13,0>, old:<13,0>, ap:<255,255>, sta:<13,0>, prof:1, snd_ch_cfg:0x0[0m
[0;33mW (67452) comm_wifi: WIFI_EVENT_STA_DISCONNECTED reason=8 -> reconnect[0m
[0;33mW (67462) comm_wifi: reconnect failed: ESP_ERR_WIFI_NOT_STARTED[0m
[0;32mI (67512) wifi:flush txq[0m
[0;32mI (67512) wifi:stop sw txq[0m
[0;32mI (67512) wifi:lmac stop hw txq[0m
���ESP-ROM:esp32s3-20210327
Build:Mar 27 2021
rst:0xc (RTC_SW_CPU_RST),boot:0x28 (SPI_FAST_FLASH_BOOT)
Saved PC:0x40382dfc
SPIWP:0xee
mode:DIO, clock div:1
load:0x3fce2820,len:0x158c
load:0x403c8700,len:0xd24
load:0x403cb700,len:0x2f34
entry 0x403c8924
[0;32mI (29) boot: ESP-IDF v5.5.2-dirty 2nd stage bootloader[0m
[0;32mI (29) boot: compile time Feb 14 2026 18:27:44[0m
[0;32mI (29) boot: Multicore bootloader[0m
[0;32mI (30) boot: chip revision: v0.2[0m
[0;32mI (33) boot: efuse block revision: v1.3[0m
[0;32mI (36) boot.esp32s3: Boot SPI Speed : 80MHz[0m
[0;32mI (40) boot.esp32s3: SPI Mode       : DIO[0m
[0;32mI (44) boot.esp32s3: SPI Flash Size : 16MB[0m
[0;32mI (48) boot: Enabling RNG early entropy source...[0m
[0;32mI (52) boot: Partition Table:[0m
[0;32mI (55) boot: ## Label            Usage          Type ST Offset   Length[0m
[0;32mI (61) boot:  0 nvs              WiFi data        01 02 00009000 00005000[0m
[0;32mI (68) boot:  1 phy_init         RF data          01 01 0000e000 00001000[0m
[0;32mI (74) boot:  2 factory          factory app      00 00 00010000 00200000[0m
[0;32mI (81) boot:  3 ota_0            OTA app          00 10 00210000 00200000[0m
[0;32mI (87) boot:  4 ota_1            OTA app          00 11 00410000 00200000[0m
[0;32mI (94) boot:  5 ota_data         OTA data         01 00 00610000 00002000[0m
[0;32mI (100) boot:  6 spiffs           Unknown data     01 82 00612000 001ee000[0m
[0;32mI (107) boot: End of partition table[0m
[0;32mI (110) esp_image: segment 0: paddr=00210020 vaddr=3c130020 size=685a8h (427432) map[0m
[0;32mI (193) esp_image: segment 1: paddr=002785d0 vaddr=3fca2600 size=05268h ( 21096) load[0m
[0;32mI (198) esp_image: segment 2: paddr=0027d840 vaddr=40374000 size=027d8h ( 10200) load[0m
[0;32mI (200) esp_image: segment 3: paddr=00280020 vaddr=42000020 size=128fech (1216492) map[0m
[0;32mI (419) esp_image: segment 4: paddr=003a9014 vaddr=403767d8 size=1bdf4h (114164) load[0m
[0;32mI (444) esp_image: segment 5: paddr=003c4e10 vaddr=50000000 size=00020h (    32) load[0m
[0;32mI (456) boot: Loaded app from partition at offset 0x210000[0m
[0;32mI (456) boot: Disabling RNG early entropy source...[0m
[0;32mI (466) cpu_start: Multicore app[0m
[0;32mI (475) cpu_start: GPIO 44 and 43 are used as console UART I/O pins[0m
[0;32mI (475) cpu_start: Pro cpu start user code[0m
[0;32mI (476) cpu_start: cpu freq: 160000000 Hz[0m
[0;32mI (477) app_init: Application information:[0m
[0;32mI (481) app_init: Project name:     stem_framework_idf61_lcd[0m
[0;32mI (486) app_init: App version:      v1.2.3-1-g46f02e8-dirty[0m
[0;32mI (492) app_init: Compile time:     Feb 21 2026 19:16:28[0m
[0;32mI (497) app_init: ELF file SHA256:  0bbcd21f6...[0m
[0;32mI (501) app_init: ESP-IDF:          v5.5.2-dirty[0m
[0;32mI (505) efuse_init: Min chip rev:     v0.0[0m
[0;32mI (509) efuse_init: Max chip rev:     v0.99 [0m
[0;32mI (513) efuse_init: Chip rev:         v0.2[0m
[0;32mI (517) heap_init: Initializing. RAM available for dynamic allocation:[0m
[0;32mI (523) heap_init: At 3FCB5A20 len 00033CF0 (207 KiB): RAM[0m
[0;32mI (528) heap_init: At 3FCE9710 len 00005724 (21 KiB): RAM[0m
[0;32mI (533) heap_init: At 3FCF0000 len 00008000 (32 KiB): DRAM[0m
[0;32mI (539) heap_init: At 600FE000 len 00001FE8 (7 KiB): RTCRAM[0m
[0;32mI (545) spi_flash: detected chip: boya[0m
[0;32mI (547) spi_flash: flash io: dio[0m
[0;32mI (551) sleep_gpio: Configure to isolate all GPIO pins in sleep state[0m
[0;32mI (557) sleep_gpio: Enable automatic switching of GPIO sleep configuration[0m
[0;32mI (563) coexist: coex firmware version: 7260f71[0m
[0;32mI (568) coexist: coexist rom version e7ae62f[0m
[0;32mI (572) main_task: Started on CPU0[0m
[0;32mI (602) main_task: Calling app_main()[0m
[0;32mI (632) BLE_INIT: BT controller compile version [5106725][0m
[0;32mI (632) BLE_INIT: Using main XTAL as clock source[0m
[0;32mI (632) BLE_INIT: Feature Config, ADV:1, BLE_50:1, DTM:1, SCAN:1, CCA:0, SMP:1, CONNECT:1[0m
[0;32mI (642) BLE_INIT: Bluetooth MAC: 30:ed:a0:12:d7:5e[0m
[0;32mI (642) phy_init: phy_version 711,97bcf0a2,Aug 25 2025,19:04:10[0m
[0;32mI (702) comm_ble: gatts reg, app_id=0[0m
[0;32mI (712) comm_ble: adv data set[0m
[0;32mI (712) comm_ble: service created, handle=40[0m
[0;32mI (712) comm_ble: char added, handle=42[0m
[0;32mI (712) comm_ble: descr added, handle=43[0m
[0;32mI (712) APP_MAIN: start[0m
[0;32mI (712) pp: pp rom version: e7ae62f[0m
[0;32mI (722) net80211: net80211 rom version: e7ae62f[0m
[0;32mI (732) wifi:wifi driver task: 3fcc8540, prio:23, stack:6656, core=0[0m
[0;32mI (742) wifi:wifi firmware version: ee91c8c[0m
[0;32mI (742) wifi:wifi certification version: v7.0[0m
[0;32mI (742) wifi:config NVS flash: enabled[0m
[0;32mI (742) wifi:config nano formatting: disabled[0m
[0;32mI (742) wifi:Init data frame dynamic rx buffer num: 32[0m
[0;32mI (752) wifi:Init static rx mgmt buffer num: 5[0m
[0;32mI (752) wifi:Init management short buffer num: 32[0m
[0;32mI (762) wifi:Init dynamic tx buffer num: 32[0m
[0;32mI (762) wifi:Init static tx FG buffer num: 2[0m
[0;32mI (772) wifi:Init static rx buffer size: 1600[0m
[0;32mI (772) wifi:Init static rx buffer num: 10[0m
[0;32mI (772) wifi:Init dynamic rx(782) wifi_init: tcpip mbox: 32[0m
[0;32mI (792) wifi_init: udp mbox: 6[0m
[0;32mI (792) wifi_init: tcp mbox: 6[0m
[0;32mI (792) wifi_init: tcp tx win: 5760[0m
[0;32mI (792) wifi_init: tcp rx win: 5760[0m
[0;32mI (802) wifi_init: tcp mss: 1440[0m
[0;32mI (802) wifi_init: WiFi IRAM OP enabled[0m
[0;32mI (802) wifi_init: WiFi RX IRAM OP enabled[0m
[0;32mI (812) wifi:mode : sta (30:ed:a0:12:d7:5c)[0m
[0;32mI (812) wifi:enable tsf[0m
[0;32mI (822) comm_wifi: WiFi STA start requested (scan later)[0m
[0;32mI (822) comm_wifi: WIFI_EVENT_STA_START[0m
[0;32mI (822) wifi:Set ps type: 0, coexist: 0[0m

[0;32mI (892) wifi:new:<13,0>, old:<1,0>, ap:<255,255>, sta:<13,0>, prof:1, snd_ch_cfg:0x0[0m
[0;32mI (892) wifi:state: init -> auth (0xb0)[0m
[0;32mI (912) wifi:state: auth -> assoc (0x0)[0m
[0;32mI (912) wifi:state: assoc -> run (0x10)[0m
[0;32mI (1022) wifi:connected with DIGI_mzQH, aid = 1, channel 13, BW20, bssid = 68:f9:56:57:c3:a7[0m
[0;32mI (1022) wifi:security: WPA2-PSK, phy: bgn, rssi: -45[0m
[0;32mI (1032) wifi:pm start, type: 0[0m

[0;32mI (1032) wifi:dp: 1, bi: 102400, li: 3, scale listen interval from 307200 us to 307200 us[0m
[0;32mI (1032) wifi:set rx beacon pti, rx_bcn_pti: 14, bcn_timeout: 25000, mt_pti: 14, mt_time: 10000[0m
[0;32mI (1102) wifi:AP's beacon interval = 102400 us, DTIM period = 1[0m
[0;32mI (1292) ST7789: init done ctrl=ILI9341 spi=40000000 Hz, dma_q=3, dma_chunk=8192[0m
[0;32mI (1292) UI_LCD: Lamp color order = 0[0m
[1;31mE (1322) uart: UART driver already installed[0m
[0;33mW (1322) uart: GPIO 35 is not usable, maybe used by others[0m
[0;32mI (1322) UARTDBG: install=ESP_FAIL param=ESP_OK setpin=ESP_OK[0m
[0;32mI (2212) esp_netif_handlers: sta ip: 192.168.1.152, mask: 255.255.255.0, gw: 192.168.1.1[0m
[0;32mI (2212) comm_wifi: IP_EVENT_STA_GOT_IP: 192.168.1.152[0m
[0;32mI (5592) wifi:<ba-add>idx:0 (ifx:0, 68:f9:56:57:c3:a7), tid:0, ssn:4, winSize:64[0m
